[23-Dec-2025 14:56:46 UTC] AI Calculator Request: Array
(
    [event_type] => wedding
    [duration] => 2_3_hour
    [format] => cafe
    [people_count] => 200
)

[23-Dec-2025 14:56:46 UTC] Pods Query Params: Array
(
    [limit] => 2
    [orderby] => RAND()
    [where] => Array
        (
            [0] => number_of_attendees.meta_value >= 200
            [1] => event_type.slug = 'wedding'
            [2] => duration.slug = '2_3_hour'
            [3] => format.slug = 'cafe'
        )

)

[23-Dec-2025 14:56:46 UTC] Pods Found Posts: 2
[23-Dec-2025 14:56:46 UTC] ID POST: 91
[23-Dec-2025 14:56:46 UTC] PHP Deprecated:  Function get_the_excerpt was called with an argument that is <strong>deprecated</strong> since version 2.3.0 with no alternative available. in /var/www/html/wp-includes/functions.php on line 6131
[23-Dec-2025 14:56:46 UTC] ID POST: 89
[23-Dec-2025 14:56:46 UTC] PHP Deprecated:  Function get_the_excerpt was called with an argument that is <strong>deprecated</strong> since version 2.3.0 with no alternative available. in /var/www/html/wp-includes/functions.php on line 6131
[23-Dec-2025 14:58:48 UTC] AI Calculator Request: Array
(
    [event_type] => wedding
    [duration] => 2_3_hour
    [format] => cafe
    [people_count] => 200
)

[23-Dec-2025 14:58:48 UTC] Pods Query Params: Array
(
    [limit] => 2
    [orderby] => RAND()
    [where] => Array
        (
            [0] => number_of_attendees.meta_value >= 200
            [1] => event_type.slug = 'wedding'
            [2] => duration.slug = '2_3_hour'
            [3] => format.slug = 'cafe'
        )

)

[23-Dec-2025 14:58:48 UTC] Pods Found Posts: 2
[23-Dec-2025 14:59:07 UTC] AI Calculator Request: Array
(
    [event_type] => wedding
    [duration] => 2_3_hour
    [format] => cafe
    [people_count] => 200
)

[23-Dec-2025 14:59:07 UTC] Pods Query Params: Array
(
    [limit] => 2
    [orderby] => RAND()
    [where] => Array
        (
            [0] => number_of_attendees.meta_value >= 200
            [1] => event_type.slug = 'wedding'
            [2] => duration.slug = '2_3_hour'
            [3] => format.slug = 'cafe'
        )

)

[23-Dec-2025 14:59:07 UTC] Pods Found Posts: 2
[23-Dec-2025 15:00:05 UTC] AI Calculator Request: Array
(
    [event_type] => wedding
    [duration] => 2_3_hour
    [format] => cafe
    [people_count] => 200
)

[23-Dec-2025 15:00:05 UTC] Pods Query Params: Array
(
    [limit] => 8
    [orderby] => RAND()
    [where] => Array
        (
            [0] => number_of_attendees.meta_value >= 200
            [1] => event_type.slug = 'wedding'
            [2] => duration.slug = '2_3_hour'
            [3] => format.slug = 'cafe'
        )

)

[23-Dec-2025 15:00:05 UTC] Pods Found Posts: 4
[23-Dec-2025 16:56:13 UTC] AI Calculator Request: Array
(
    [event_type] => wedding
    [duration] => 2_3_hour
    [format] => cafe
    [people_count] => 200
)

[23-Dec-2025 16:56:13 UTC] Pods Query Params: Array
(
    [limit] => 8
    [orderby] => RAND()
    [where] => Array
        (
            [0] => number_of_attendees.meta_value >= 200
            [1] => event_type.slug = 'wedding'
            [2] => duration.slug = '2_3_hour'
            [3] => format.slug = 'cafe'
        )

)

[23-Dec-2025 16:56:13 UTC] Pods Found Posts: 4
[23-Dec-2025 16:57:22 UTC] AI Calculator Request: Array
(
    [event_type] => wedding
    [duration] => 2_3_hour
    [format] => cafe
    [people_count] => 200
)

[23-Dec-2025 16:57:22 UTC] Pods Query Params: Array
(
    [limit] => 8
    [orderby] => RAND()
    [where] => Array
        (
            [0] => number_of_attendees.meta_value >= 200
            [1] => event_type.slug = 'wedding'
            [2] => duration.slug = '2_3_hour'
            [3] => format.slug = 'cafe'
        )

)

[23-Dec-2025 16:57:22 UTC] Pods Found Posts: 4
[23-Dec-2025 17:00:28 UTC] AI Calculator Request: Array
(
    [event_type] => wedding
    [duration] => 2_3_hour
    [format] => cafe
    [people_count] => 200
)

[23-Dec-2025 17:00:28 UTC] Pods Query Params: Array
(
    [limit] => 8
    [orderby] => RAND()
    [where] => Array
        (
            [0] => number_of_attendees.meta_value >= 200
            [1] => event_type.slug = 'wedding'
            [2] => duration.slug = '2_3_hour'
            [3] => format.slug = 'cafe'
        )

)

[23-Dec-2025 17:00:28 UTC] Pods Found Posts: 4
[23-Dec-2025 17:01:07 UTC] AI Calculator Request: Array
(
    [event_type] => wedding
    [duration] => 2_3_hour
    [format] => cafe
    [people_count] => 200
)

[23-Dec-2025 17:01:07 UTC] Pods Query Params: Array
(
    [limit] => 8
    [orderby] => RAND()
    [where] => Array
        (
            [0] => number_of_attendees.meta_value >= 200
            [1] => event_type.slug = 'wedding'
            [2] => duration.slug = '2_3_hour'
            [3] => format.slug = 'cafe'
        )

)

[23-Dec-2025 17:01:08 UTC] Pods Found Posts: 4
[23-Dec-2025 17:03:43 UTC] AI Calculator Request: Array
(
    [event_type] => wedding
    [duration] => 2_3_hour
    [format] => cafe
    [people_count] => 100
)

[23-Dec-2025 17:03:43 UTC] Pods Query Params: Array
(
    [limit] => 8
    [orderby] => RAND()
    [where] => Array
        (
            [0] => number_of_attendees.meta_value >= 100
            [1] => event_type.slug = 'wedding'
            [2] => duration.slug = '2_3_hour'
            [3] => format.slug = 'cafe'
        )

)

[23-Dec-2025 17:03:43 UTC] Pods Found Posts: 6
[23-Dec-2025 17:04:04 UTC] AI Calculator Request: Array
(
    [event_type] => wedding
    [duration] => 2_3_hour
    [format] => cafe
    [people_count] => 400
)

[23-Dec-2025 17:04:04 UTC] Pods Query Params: Array
(
    [limit] => 8
    [orderby] => RAND()
    [where] => Array
        (
            [0] => number_of_attendees.meta_value >= 400
            [1] => event_type.slug = 'wedding'
            [2] => duration.slug = '2_3_hour'
            [3] => format.slug = 'cafe'
        )

)

[23-Dec-2025 17:04:04 UTC] Pods Found Posts: 0
[24-Dec-2025 05:23:44 UTC] PHP Warning:  Cannot modify header information - headers already sent in /var/www/html/wp-content/themes/memorylab/functions.php on line 284
[24-Dec-2025 05:23:44 UTC] PHP Warning:  Cannot modify header information - headers already sent in /var/www/html/wp-content/themes/memorylab/functions.php on line 285
[24-Dec-2025 05:23:44 UTC] PHP Warning:  Cannot modify header information - headers already sent in /var/www/html/wp-content/themes/memorylab/functions.php on line 286
[24-Dec-2025 05:23:44 UTC] PHP Warning:  Cannot modify header information - headers already sent in /var/www/html/wp-content/themes/memorylab/functions.php on line 287
[24-Dec-2025 05:23:44 UTC] Automatic updates starting...
[24-Dec-2025 05:23:45 UTC]   Automatic plugin updates starting...
[24-Dec-2025 05:23:45 UTC]   Automatic plugin updates complete.
[24-Dec-2025 05:23:46 UTC] Automatic updates complete.
[24-Dec-2025 07:58:02 UTC] PHP Warning:  Cannot modify header information - headers already sent in /var/www/html/wp-content/themes/memorylab/functions.php on line 284
[24-Dec-2025 07:58:02 UTC] PHP Warning:  Cannot modify header information - headers already sent in /var/www/html/wp-content/themes/memorylab/functions.php on line 285
[24-Dec-2025 07:58:02 UTC] PHP Warning:  Cannot modify header information - headers already sent in /var/www/html/wp-content/themes/memorylab/functions.php on line 286
[24-Dec-2025 07:58:02 UTC] PHP Warning:  Cannot modify header information - headers already sent in /var/www/html/wp-content/themes/memorylab/functions.php on line 287
[29-Dec-2025 13:58:08 UTC] PHP Fatal error:  Maximum execution time of 60 seconds exceeded in D:\openserver3\OpenServer\domains\memorylab.by\wp-content\plugins\pods\components\Templates\class-pods_templates.php on line 18
[29-Dec-2025 13:59:01 UTC] Automatic updates starting...
[29-Dec-2025 13:59:02 UTC]   Automatic plugin updates starting...
[29-Dec-2025 13:59:02 UTC]   Automatic plugin updates complete.
[29-Dec-2025 13:59:04 UTC] Automatic updates complete.
[06-Jan-2026 10:47:30 UTC] Automatic updates starting...
[06-Jan-2026 10:47:32 UTC]   Automatic plugin updates starting...
[06-Jan-2026 10:47:32 UTC]   Automatic plugin updates complete.
[06-Jan-2026 10:47:33 UTC] Automatic updates complete.
[06-Jan-2026 11:26:31 UTC] WordPress database error Deadlock found when trying to get lock; try restarting transaction for query DELETE FROM `wp_options` WHERE `option_name` = '_transient_pods_pods_flush_rewrites-334' made by require_once('wp-load.php'), require_once('wp-config.php'), require_once('wp-settings.php'), do_action('wp_loaded'), WP_Hook->do_action, WP_Hook->apply_filters, PodsInit->flush_rewrite_rules, pods_transient_clear, pods_view_clear, PodsView::clear, delete_transient, delete_option
[06-Jan-2026 13:42:55 UTC] Automatic updates starting...
[06-Jan-2026 13:42:55 UTC]   Automatic plugin updates starting...
[06-Jan-2026 13:42:56 UTC]   Automatic plugin updates complete.
[06-Jan-2026 13:42:56 UTC] Automatic updates complete.
[06-Jan-2026 14:10:10 UTC] PHP Parse error:  syntax error, unexpected token "endwhile", expecting "elseif" or "else" or "endif" in D:\openserver3\OpenServer\domains\memorylab.by\wp-content\themes\memorylab\single-staff.php on line 597
[06-Jan-2026 14:27:41 UTC] PHP Parse error:  syntax error, unexpected token "endwhile" in D:\openserver3\OpenServer\domains\memorylab.by\wp-content\themes\memorylab\single-staff.php on line 544
[06-Jan-2026 14:28:02 UTC] PHP Parse error:  syntax error, unexpected token "endwhile" in D:\openserver3\OpenServer\domains\memorylab.by\wp-content\themes\memorylab\single-staff.php on line 544
[06-Jan-2026 14:28:07 UTC] PHP Parse error:  syntax error, unexpected token "endwhile" in D:\openserver3\OpenServer\domains\memorylab.by\wp-content\themes\memorylab\single-staff.php on line 544
[07-Jan-2026 13:16:32 UTC] PHP Fatal error:  Maximum execution time of 60 seconds exceeded in D:\openserver3\OpenServer\domains\memorylab.by\wp-content\plugins\pods\classes\PodsInit.php on line 236
[07-Jan-2026 13:17:27 UTC] PHP Fatal error:  Maximum execution time of 60 seconds exceeded in D:\openserver3\OpenServer\domains\memorylab.by\wp-includes\update.php on line 174
[07-Jan-2026 13:17:27 UTC] PHP Fatal error:  Maximum execution time of 60 seconds exceeded in D:\openserver3\OpenServer\domains\memorylab.by\wp-includes\update.php on line 174
[07-Jan-2026 13:17:30 UTC] Automatic updates starting...
[07-Jan-2026 13:17:33 UTC]   Automatic plugin updates starting...
[07-Jan-2026 13:17:33 UTC]   Automatic plugin updates complete.
[07-Jan-2026 13:17:34 UTC] Automatic updates complete.
[07-Jan-2026 14:11:10 UTC] Automatic updates starting...
[07-Jan-2026 14:11:10 UTC]   Automatic plugin updates starting...
[07-Jan-2026 14:11:10 UTC]   Automatic plugin updates complete.
[07-Jan-2026 14:11:11 UTC] Automatic updates complete.
[13-Jan-2026 17:37:28 UTC] Automatic updates starting...
[13-Jan-2026 17:37:30 UTC]   Automatic plugin updates starting...
[13-Jan-2026 17:37:30 UTC]   Automatic plugin updates complete.
[13-Jan-2026 17:37:32 UTC] Automatic updates complete.
[01-Feb-2026 12:52:02 UTC] Automatic updates starting...
[01-Feb-2026 12:52:03 UTC]   Automatic plugin updates starting...
[01-Feb-2026 12:52:04 UTC]   Automatic plugin updates complete.
[01-Feb-2026 12:52:05 UTC] Automatic updates complete.
[13-Feb-2026 13:08:51 UTC] PHP Fatal error:  Maximum execution time of 60 seconds exceeded in D:\openserver3\OpenServer\domains\memorylab.by\wp-content\plugins\pods\classes\widgets\PodsWidgetForm.php on line 80
[13-Feb-2026 13:09:18 UTC] Automatic updates starting...
[13-Feb-2026 13:09:19 UTC]   Automatic plugin updates starting...
[13-Feb-2026 13:09:19 UTC]   Automatic plugin updates complete.
[13-Feb-2026 13:09:20 UTC] Automatic updates complete.
[14-Feb-2026 06:27:46 UTC] PHP Fatal error:  Maximum execution time of 60 seconds exceeded in D:\openserver3\OpenServer\domains\memorylab.by\wp-admin\includes\class-wp-screen.php on line 1362
[03-Jun-2026 06:46:34 UTC] PHP Fatal error:  Maximum execution time of 60 seconds exceeded in D:\openserver3\OpenServer\domains\memorylab.by\wp-includes\widgets\class-wp-widget-tag-cloud.php on line 221
[03-Jun-2026 06:47:57 UTC] Automatic updates starting...
[03-Jun-2026 06:48:01 UTC]   Automatic plugin updates starting...
[03-Jun-2026 06:48:01 UTC]   Automatic plugin updates complete.
[03-Jun-2026 06:48:02 UTC] Automatic updates complete.
[03-Jun-2026 06:48:26 UTC] PHP Fatal error:  Maximum execution time of 60 seconds exceeded in D:\openserver3\OpenServer\domains\memorylab.by\wp-includes\Requests\src\Transport\Curl.php on line 205
[05-Jun-2026 08:17:59 UTC] Automatic updates starting...
[05-Jun-2026 08:18:01 UTC]   Automatic plugin updates starting...
[05-Jun-2026 08:18:02 UTC]   Automatic plugin updates complete.
[05-Jun-2026 08:18:03 UTC] Automatic updates complete.
[05-Jun-2026 17:00:59 UTC] Automatic updates starting...
[05-Jun-2026 17:00:59 UTC]   Automatic plugin updates starting...
[05-Jun-2026 17:01:00 UTC]   Automatic plugin updates complete.
[05-Jun-2026 17:01:00 UTC] Automatic updates complete.
[08-Jun-2026 06:43:02 UTC] Automatic updates starting...
[08-Jun-2026 06:43:04 UTC]   Automatic plugin updates starting...
[08-Jun-2026 06:43:04 UTC]   Automatic plugin updates complete.
[08-Jun-2026 06:43:06 UTC] Automatic updates complete.
[09-Jun-2026 16:18:46 UTC] Automatic updates starting...
[09-Jun-2026 16:18:48 UTC]   Automatic plugin updates starting...
[09-Jun-2026 16:18:48 UTC]   Automatic plugin updates complete.
[09-Jun-2026 16:18:49 UTC] Automatic updates complete.
[17-Sep-2026 13:39:18 UTC] Automatic updates starting...
[17-Sep-2026 13:39:20 UTC]   Automatic plugin updates starting...
[17-Sep-2026 13:39:20 UTC]   Automatic plugin updates complete.
[17-Sep-2026 13:39:21 UTC] Automatic updates complete.
[17-Sep-2026 13:44:59 UTC] Automatic updates starting...
[17-Sep-2026 13:44:59 UTC]   Automatic plugin updates starting...
[17-Sep-2026 13:44:59 UTC]   Automatic plugin updates complete.
[17-Sep-2026 13:44:59 UTC] Automatic updates complete.
[18-Sep-2026 11:29:50 UTC] PHP Warning:  mysqli_real_connect(): (HY000/2002): No connection could be made because the target machine actively refused it in D:\openserver3\OpenServer\domains\memorylab.by\wp-includes\class-wpdb.php on line 1994
[18-Sep-2026 11:30:32 UTC] Automatic updates starting...
[18-Sep-2026 11:30:35 UTC]   Automatic plugin updates starting...
[18-Sep-2026 11:30:35 UTC]   Automatic plugin updates complete.
[18-Sep-2026 11:30:35 UTC] Automatic updates complete.
[18-Sep-2026 13:44:30 UTC] Automatic updates starting...
[18-Sep-2026 13:44:30 UTC]   Automatic plugin updates starting...
[18-Sep-2026 13:44:30 UTC]   Automatic plugin updates complete.
[18-Sep-2026 13:44:31 UTC] Automatic updates complete.
[21-Sep-2026 11:16:06 UTC] WordPress database error Deadlock found when trying to get lock; try restarting transaction for query DELETE FROM `wp_options` WHERE `option_name` = '_site_transient_wp_theme_files_patterns-2a59ce8de80ed1797360f94fc6f4efa8' made by require('wp-blog-header.php'), require_once('wp-load.php'), require_once('wp-config.php'), require_once('wp-settings.php'), do_action('init'), WP_Hook->do_action, WP_Hook->apply_filters, _register_theme_block_patterns, WP_Theme->get_block_patterns, WP_Theme->get_pattern_cache, get_site_transient, delete_site_option, delete_network_option, delete_option
[21-Sep-2026 11:16:24 UTC] Automatic updates starting...
[21-Sep-2026 11:16:24 UTC]   Automatic plugin updates starting...
[21-Sep-2026 11:16:25 UTC]   Automatic plugin updates complete.
[21-Sep-2026 11:16:25 UTC] Automatic updates complete.
[21-Sep-2026 14:26:07 UTC] [TISDK_CRASH] no_attribution
[21-Sep-2026 14:26:08 UTC] [TISDK_CRASH] no_attribution
[21-Sep-2026 14:26:20 UTC] [TISDK_CRASH] no_attribution
[21-Sep-2026 14:26:45 UTC] [TISDK_CRASH] no_attribution
[21-Sep-2026 14:27:14 UTC] [TISDK_CRASH] no_attribution
[22-Sep-2026 07:57:56 UTC] PHP Fatal error:  Maximum execution time of 60 seconds exceeded in D:\openserver3\OpenServer\domains\memorylab.by\wp-includes\blocks.php on line 491
[22-Sep-2026 07:58:03 UTC] PHP Fatal error:  Maximum execution time of 60 seconds exceeded in D:\openserver3\OpenServer\domains\memorylab.by\wp-content\plugins\elementor\core\frontend\render-mode-manager.php on line 8
[22-Sep-2026 07:58:04 UTC] [TISDK_CRASH] no_attribution
[22-Sep-2026 07:58:04 UTC] PHP Fatal error:  Maximum execution time of 60 seconds exceeded in D:\openserver3\OpenServer\domains\memorylab.by\wp-admin\includes\media.php on line 3885
[22-Sep-2026 07:58:04 UTC] [TISDK_CRASH] no_attribution
[22-Sep-2026 07:58:16 UTC] Automatic updates starting...
[22-Sep-2026 07:58:18 UTC]   Automatic plugin updates starting...
[22-Sep-2026 07:58:18 UTC]   Automatic plugin updates complete.
[22-Sep-2026 07:58:19 UTC] Automatic updates complete.
[22-Sep-2026 07:58:27 UTC] PHP Deprecated:  Fetching multiple feeds with single SimplePie instance is deprecated since SimplePie 1.9.0, create one SimplePie instance per feed and use SimplePie::merge_items to get a single list of items. in D:\openserver3\OpenServer\domains\memorylab.by\wp-includes\SimplePie\src\SimplePie.php on line 769
[22-Sep-2026 13:43:10 UTC] Automatic updates starting...
[22-Sep-2026 13:43:11 UTC]   Automatic plugin updates starting...
[22-Sep-2026 13:43:11 UTC]   Automatic plugin updates complete.
[22-Sep-2026 13:43:12 UTC] Automatic updates complete.
[22-Sep-2026 14:21:23 UTC] PHP Fatal error:  Maximum execution time of 60 seconds exceeded in D:\openserver3\OpenServer\domains\memorylab.by\wp-includes\class-wpdb.php on line 2357
[22-Sep-2026 14:21:23 UTC] [TISDK_CRASH] no_attribution
[22-Sep-2026 14:43:11 UTC] Automatic updates starting...
[22-Sep-2026 14:43:11 UTC]   Automatic plugin updates starting...
[22-Sep-2026 14:43:11 UTC]   Automatic plugin updates complete.
[22-Sep-2026 14:43:11 UTC] Automatic updates complete.
[23-Sep-2026 09:48:31 UTC] Cron reschedule event error for hook: wp_privacy_delete_old_export_files, Error code: could_not_set, Error message: The cron event list could not be saved., Data: {"schedule":"hourly","args":[],"interval":3600}
[23-Sep-2026 13:43:40 UTC] Automatic updates starting...
[23-Sep-2026 13:43:41 UTC]   Automatic plugin updates starting...
[23-Sep-2026 13:43:41 UTC]   Automatic plugin updates complete.
[23-Sep-2026 13:43:42 UTC] Automatic updates complete.
[24-Sep-2026 07:24:30 UTC] PHP Fatal error:  Maximum execution time of 60 seconds exceeded in D:\openserver3\OpenServer\domains\memorylab.by\wp-includes\Requests\src\Transport\Curl.php on line 205
[24-Sep-2026 08:04:10 UTC] PHP Deprecated:  Fetching multiple feeds with single SimplePie instance is deprecated since SimplePie 1.9.0, create one SimplePie instance per feed and use SimplePie::merge_items to get a single list of items. in D:\openserver3\OpenServer\domains\memorylab.by\wp-includes\SimplePie\src\SimplePie.php on line 769
